=== module loaded rev=tier2split at 2026-04-20 11:35:39 ===
[11:35:39 #1] M.definition() called sym="DrawGeometry" recv="" file=NaniteCullRaster.cpp:6290
[11:35:39 #2] instant: dispatching ws/symbol q="DrawGeometry"
[11:35:39 #3] precise: dispatching textDocument/definition
[11:35:39 #4] instant: ws/symbol back n=7 still=true resolved=false
[11:35:39 #5] instant: after filter_self n=7
[11:35:39 #6] instant: cand[1] uri=ject/UEProj/Engine/Source/Runtime/Renderer/Private/Nanite/NaniteCullRaster.h line=219 kind=6
[11:35:39 #7] instant: cand[2] uri=ject/UEProj/Engine/Source/Runtime/Renderer/Private/Nanite/NaniteCullRaster.h line=209 kind=6
[11:35:39 #8] instant: cand[3] uri=ject/UEProj/Engine/Source/Runtime/Renderer/Private/Nanite/NaniteCullRaster.h line=241 kind=6
[11:35:39 #9] instant: cand[4] uri=ject/UEProj/Engine/Source/Runtime/Renderer/Private/Nanite/NaniteCullRaster.h line=196 kind=6
[11:35:39 #10] instant: cand[5] uri=ject/UEProj/Engine/Source/Runtime/Renderer/Private/Nanite/NaniteCullRaster.h line=229 kind=6
[11:35:39 #11] instant: cand[6] uri=ct/UEProj/Engine/Source/Runtime/Renderer/Private/Nanite/NaniteCullRaster.cpp line=6256 kind=6
[11:35:39 #12] instant: cand[7] uri=ct/UEProj/Engine/Source/Runtime/Renderer/Private/Nanite/NaniteCullRaster.cpp line=6299 kind=6
[11:35:39 #13] instant: pick_winner winner=false label=nil
[11:35:54 #14] M.definition() called sym="DrawGeometry" recv="" file=NaniteCullRaster.cpp:6290
[11:35:54 #15] instant: dispatching ws/symbol q="DrawGeometry"
[11:35:54 #16] precise: dispatching textDocument/definition
[11:35:54 #17] instant: ws/symbol back n=7 still=true resolved=false
[11:35:54 #18] instant: after filter_self n=7
[11:35:54 #19] instant: cand[1] uri=ject/UEProj/Engine/Source/Runtime/Renderer/Private/Nanite/NaniteCullRaster.h line=219 kind=6
[11:35:54 #20] instant: cand[2] uri=ject/UEProj/Engine/Source/Runtime/Renderer/Private/Nanite/NaniteCullRaster.h line=209 kind=6
[11:35:54 #21] instant: cand[3] uri=ject/UEProj/Engine/Source/Runtime/Renderer/Private/Nanite/NaniteCullRaster.h line=241 kind=6
[11:35:54 #22] instant: cand[4] uri=ject/UEProj/Engine/Source/Runtime/Renderer/Private/Nanite/NaniteCullRaster.h line=196 kind=6
[11:35:54 #23] instant: cand[5] uri=ject/UEProj/Engine/Source/Runtime/Renderer/Private/Nanite/NaniteCullRaster.h line=229 kind=6
[11:35:54 #24] instant: cand[6] uri=ct/UEProj/Engine/Source/Runtime/Renderer/Private/Nanite/NaniteCullRaster.cpp line=6256 kind=6
[11:35:54 #25] instant: cand[7] uri=ct/UEProj/Engine/Source/Runtime/Renderer/Private/Nanite/NaniteCullRaster.cpp line=6299 kind=6
[11:35:54 #26] instant: pick_winner winner=false label=nil
[11:35:55 #27] precise: back n=0 still=false jumped=false
[11:36:04 #28] precise: back n=1 still=true jumped=false
[11:36:04 #29] precise: pick winner=true label=SceneCullingRenderer.h:79 n_ranked=1
[11:36:04 #30] reconcile: ENTER sym="DrawGeometry" landed=79 actual_cursor=79:6
[11:36:04 #31] reconcile: no def-pattern found for "DrawGeometry" near line 79
[11:36:04 #32] jump: done cursor=79:6 sym=DrawGeometry
[11:36:04 #33] precise: jump pok=true ok=true
[11:36:21 #34] M.definition() called sym="IsSafeForRendering" recv="GStreamingManager" file=NaniteCullRaster.cpp:6318
[11:36:21 #35] instant: dispatching ws/symbol q="IsSafeForRendering"
[11:36:21 #36] precise: dispatching textDocument/definition
[11:36:21 #37] instant: ws/symbol back n=1 still=true resolved=false
[11:36:21 #38] instant: after filter_self n=1
[11:36:21 #39] instant: cand[1] uri=ficial/Engine/Source/Runtime/Engine/Private/Rendering/NaniteStreamingManager.cpp line=3129 kind=6
[11:36:21 #40] instant: pick_winner winner=true label=NaniteStreamingManager.cpp:3130
[11:36:21 #41] reconcile: ENTER sym="IsSafeForRendering" landed=3130 actual_cursor=3130:24
[11:36:21 #42] jump: done cursor=3130:24 sym=IsSafeForRendering
[11:36:21 #43] instant: jump pok=true ok=true err=
[11:36:21 #44] precise: back n=1 still=true jumped=true
[11:36:21 #45] precise: pick winner=true label=NaniteStreamingManager.cpp:3130 n_ranked=1
